// Vitest Snapshot v1, https://vitest.dev/guide/snapshot.html

exports[`<Homepage /> > matches snapshot 1`] = `
<DocumentFragment>
  <div
    class="Homepage"
  >
    <div
      class="container text-center"
    >
      <h1
        class="mb-4 fw-bold"
      >
        Capstone
      </h1>
      <p
        class="lead"
      >
        This is my Capstone project hope you like it!
      </p>
      <h2>
        Welcome Back, John
      </h2>
      <div
        class="col-lg-4 offset-lg-4"
      />
    </div>
  </div>
</DocumentFragment>
`;
