// Vitest Snapshot v1, https://vitest.dev/guide/snapshot.html

exports[`<PetForm /> > matches snapshot 1`] = `
<DocumentFragment>
  <div
    class="PetForm"
  >
    <div
      class="container col-md-6 offset-md-3 col-lg-4 offset-lg-4"
    >
      <h2
        class="mb-3"
      >
        Add Pet
      </h2>
      <div
        class="card"
      >
        <div
          class="card-body"
        >
          <form>
            <div
              class="mb-3"
            >
              <label
                class="form-label"
                for="name"
              >
                Name
              </label>
              <input
                class="form-control"
                id="name"
                name="name"
                type="text"
                value=""
              />
            </div>
            <div
              class="mb-3"
            >
              <label
                class="form-label"
                for="species"
              >
                Species
              </label>
              <input
                class="form-control"
                id="species"
                name="species"
                type="text"
                value=""
              />
            </div>
            <div
              class="mb-3"
            >
              <label
                class="form-label"
                for="age"
              >
                Age
              </label>
              <input
                class="form-control"
                id="age"
                name="age"
                type="number"
                value=""
              />
            </div>
            <div
              class="mb-3"
            >
              <label
                class="form-label"
                for="hunger"
              >
                Hunger
              </label>
              <input
                class="form-control"
                id="hunger"
                name="hunger"
                type="number"
                value=""
              />
            </div>
            <div
              class="mb-3"
            >
              <label
                class="form-label"
                for="description"
              >
                Description
              </label>
              <textarea
                class="form-control"
                id="description"
                maxlength="250"
                name="description"
              />
            </div>
            <div
              class="d-grid"
            >
              <button
                class="btn btn-primary"
              >
                Submit
              </button>
            </div>
          </form>
        </div>
      </div>
    </div>
  </div>
</DocumentFragment>
`;
