// Vitest Snapshot v1, https://vitest.dev/guide/snapshot.html

exports[`<SignupForm /> > matches snapshot 1`] = `
<DocumentFragment>
  <div
    class="SignupForm"
  >
    <div
      class="container col-md-6 offset-md-3 col-lg-4 offset-lg-4"
    >
      <h2
        class="mb-3"
      >
        Sign Up
      </h2>
      <div
        class="card"
      >
        <div
          class="card-body"
        >
          <form>
            <div
              class="mb-3"
            >
              <label
                class="form-label"
                for="username"
              >
                Username
              </label>
              <input
                autocomplete="username"
                class="form-control"
                id="username"
                name="username"
                type="text"
                value=""
              />
            </div>
            <div
              class="mb-3"
            >
              <label
                class="form-label"
                for="password"
              >
                Password
              </label>
              <input
                autocomplete="new-password"
                class="form-control"
                id="password"
                name="password"
                type="password"
                value=""
              />
            </div>
            <div
              class="mb-3"
            >
              <label
                class="form-label"
                for="firstName"
              >
                First Name
              </label>
              <input
                class="form-control"
                id="firstName"
                name="firstName"
                type="text"
                value=""
              />
            </div>
            <div
              class="mb-3"
            >
              <label
                class="form-label"
                for="lastName"
              >
                Last Name
              </label>
              <input
                class="form-control"
                id="lastName"
                name="lastName"
                type="text"
                value=""
              />
            </div>
            <div
              class="mb-3"
            >
              <label
                class="form-label"
                for="email"
              >
                Email
              </label>
              <input
                autocomplete="email"
                class="form-control"
                id="email"
                name="email"
                type="email"
                value=""
              />
            </div>
            <div
              class="mb-3"
            >
              <label
                class="form-label"
                for="phoneNumber"
              >
                Phone Number
              </label>
              <input
                autocomplete="tel"
                class="form-control"
                id="phoneNumber"
                name="phoneNumber"
                type="tel"
                value=""
              />
            </div>
            <div
              class="d-grid"
            >
              <button
                class="btn btn-primary"
              >
                Submit
              </button>
            </div>
          </form>
        </div>
      </div>
    </div>
  </div>
</DocumentFragment>
`;
