// Vitest Snapshot v1, https://vitest.dev/guide/snapshot.html

exports[`<LoadingSpinner /> > matches snapshot 1`] = `
<DocumentFragment>
  <div
    class="spinner-border"
    role="status"
  >
    <span
      class="visually-hidden"
    >
      Loading...
    </span>
  </div>
</DocumentFragment>
`;
